<!DOCTYPE html>
<html>
  <head>
    <meta charset="UTF-8">
    <title>Webpack App</title>
  </head>
  <body>
  <script src="file.0ff883d05f62ecabac00.js"></script>
  <script src="main.js"></script></body>
</html>
